interactions:
- request:
    body: null
    headers: {}
    method: GET
    uri: https://s3.mds.yandex.net/audit/files/audit/some_name_four_2018_07_05_11_56_58.txt
  response:
    body: {string: some new text data}
    headers: {Accept-Ranges: bytes, Access-Control-Allow-Origin: '*', Connection: keep-alive,
      Content-Length: '18', Content-Type: text/plain, Date: 'Thu, 05 Jul 2018 13:21:13
        GMT', Etag: '"e323fff4b3fc3c630879ec8a988ca766"', Keep-Alive: timeout=60,
      Last-Modified: 'Thu, 05 Jul 2018 11:56:58 GMT', Server: nginx, X-Amz-Request-Id: 3e0ad957a73f81aa}
    status: {code: 200, message: OK}
    url: !!python/object/new:yarl.URL
      state: !!python/tuple
      - !!python/object/new:urllib.parse.SplitResult [https, s3.mds.yandex.net, /audit/files/audit/some_name_four_2018_07_05_11_56_58.txt,
        Expires=1530800472&Signature=U0AJsEDEkS4jZRlTVrbfXTlVgww%3D&AWSAccessKeyId=test,
        '']
- request:
    body: null
    headers: {}
    method: GET
    uri: https://s3.mds.yandex.net/audit/files/audit/some_name_2018_07_05_11_56_58.txt
  response:
    body: {string: some text data}
    headers: {Accept-Ranges: bytes, Access-Control-Allow-Origin: '*', Connection: keep-alive,
      Content-Length: '14', Content-Type: text/plain, Date: 'Thu, 05 Jul 2018 13:21:13
        GMT', Etag: '"ae52b7b49419cd2a689e876abc0af73c"', Keep-Alive: timeout=60,
      Last-Modified: 'Thu, 05 Jul 2018 11:56:58 GMT', Server: nginx, X-Amz-Request-Id: a5f1794f8e3c9849}
    status: {code: 200, message: OK}
    url: !!python/object/new:yarl.URL
      state: !!python/tuple
      - !!python/object/new:urllib.parse.SplitResult [https, s3.mds.yandex.net, /audit/files/audit/some_name_2018_07_05_11_56_58.txt,
        Expires=1530800472&Signature=ZQUJcV%2BTXuNAiHzxTU751nal4as%3D&AWSAccessKeyId=test,
        '']
- request:
    body: null
    headers: {}
    method: GET
    uri: https://s3.mds.yandex.net/audit/files/audit/some_name_five_2018_07_05_11_56_58.txt
  response:
    body: {string: some five text data}
    headers: {Accept-Ranges: bytes, Access-Control-Allow-Origin: '*', Connection: keep-alive,
      Content-Length: '19', Content-Type: text/plain, Date: 'Thu, 05 Jul 2018 13:21:13
        GMT', Etag: '"707c40e156859ded49a09fd8f77e8601"', Keep-Alive: timeout=60,
      Last-Modified: 'Thu, 05 Jul 2018 11:56:58 GMT', Server: nginx, X-Amz-Request-Id: 05dc71d1beea952a}
    status: {code: 200, message: OK}
    url: !!python/object/new:yarl.URL
      state: !!python/tuple
      - !!python/object/new:urllib.parse.SplitResult [https, s3.mds.yandex.net, /audit/files/audit/some_name_five_2018_07_05_11_56_58.txt,
        Expires=1530800472&Signature=VR2LNSHkRb2zer0vFHJERTKsR50%3D&AWSAccessKeyId=test,
        '']
- request:
    body: null
    headers: {}
    method: GET
    uri: https://s3.mds.yandex.net/audit/files/audit/some_name_two_2018_07_05_11_56_58.txt
  response:
    body: {string: some other text data}
    headers: {Access-Control-Allow-Origin: '*', Connection: keep-alive, Content-Encoding: gzip,
      Content-Type: text/plain, Date: 'Thu, 05 Jul 2018 13:21:13 GMT', Etag: W/"4866e2efa52b537d49c1effb7be3c4be",
      Keep-Alive: timeout=60, Last-Modified: 'Thu, 05 Jul 2018 11:56:58 GMT', Server: nginx,
      Transfer-Encoding: chunked, X-Amz-Request-Id: b6800ea56dc4b06a}
    status: {code: 200, message: OK}
    url: !!python/object/new:yarl.URL
      state: !!python/tuple
      - !!python/object/new:urllib.parse.SplitResult [https, s3.mds.yandex.net, /audit/files/audit/some_name_two_2018_07_05_11_56_58.txt,
        Expires=1530800472&Signature=ukoy6a/h2BN3Nl2SmEkGw08Whfs%3D&AWSAccessKeyId=test,
        '']
- request:
    body: null
    headers: {}
    method: GET
    uri: https://s3.mds.yandex.net/audit/files/audit/some_name_three_2018_07_05_11_56_58.txt
  response:
    body: {string: some another text data}
    headers: {Access-Control-Allow-Origin: '*', Connection: keep-alive, Content-Encoding: gzip,
      Content-Type: text/plain, Date: 'Thu, 05 Jul 2018 13:21:13 GMT', Etag: W/"af77af13d32db21fcd0eae2c976d05c4",
      Keep-Alive: timeout=60, Last-Modified: 'Thu, 05 Jul 2018 11:56:58 GMT', Server: nginx,
      Transfer-Encoding: chunked, X-Amz-Request-Id: 32565a2532f4efcf}
    status: {code: 200, message: OK}
    url: !!python/object/new:yarl.URL
      state: !!python/tuple
      - !!python/object/new:urllib.parse.SplitResult [https, s3.mds.yandex.net, /audit/files/audit/some_name_three_2018_07_05_11_56_58.txt,
        Expires=1530800472&Signature=2XBbk%2BEV8J3tKojWBR4f3AzizRQ%3D&AWSAccessKeyId=test,
        '']
version: 1
