// Jest Snapshot v1, https://goo.gl/fbAQLP

exports[`рендерит дисклеймер для кредитов в десктопе 1`] = `"Услуги оказываются ПАО TEST. Пример расчета условий по кредиту носит исключительно информационный характер и не является публичной офертой. Яндекс не несёт ответственности за действия третьих лиц."`;

exports[`рендерит дисклеймер для кредитов в мобильной версии 1`] = `"Услуги оказываются ПАО TEST. Пример расчета условий по кредиту носит исключительно информационный характер и не является публичной офертой. Яндекс не несёт ответственности за действия третьих лиц."`;

exports[`рендерит дисклеймер для страховок в десктопе 1`] = `"Услуги оказываются ПАО TEST. Пример расчета условий по договору страхования носит исключительно информационный характер и не является публичной офертой. Яндекс не является страховым агентом или страховым брокером и не несёт ответственности за действия третьих лиц."`;

exports[`рендерит дисклеймер для страховок в мобильной версии 1`] = `"Услуги оказываются ПАО TEST. Пример расчета условий по договору страхования носит исключительно информационный характер и не является публичной офертой. Яндекс не является страховым агентом или страховым брокером и не несёт ответственности за действия третьих лиц."`;
