// Jest Snapshot v1, https://goo.gl/fbAQLP

exports[`для карты с цвц-подтверждением нарисует поле для ввода цвц-кода 1`] = `
<div
  className="BillingFrameTiedCards__cvc"
>
  <TextInput
    autocomplete="off"
    className="BillingFrameTiedCards__cvcInput"
    error=""
    maxLength={3}
    minLength={3}
    name="cvc"
    onChange={[Function]}
    placeholder="CVC/CVV"
    radius="r8"
    size="l"
    type="password"
    value=""
    valueProcessor={[Function]}
  />
  <div
    className="BillingFrameTiedCards__cvcText"
  >
    Введите трёхзначный код с обратной стороны карты
  </div>
</div>
`;

exports[`компонент <BillingFrameTiedCards/> для десктопа правильно рисуется 1`] = `
<div
  className="BillingFrameTiedCards BillingFrameTiedCards_platform_desktop"
>
  <div
    className="BillingFrameTiedCards__controls"
  >
    <div
      className="BillingFrameTiedCards__selectGroup"
    >
      <Select
        className="BillingFrameTiedCards__select"
        maxMenuHeight={0}
        menuSize="xl"
        mode="radio"
        name="card"
        onChange={[Function]}
        placeholder="—"
        size="l"
        value="444444|4448"
      >
        <Item
          className="BillingFrameTiedCards__selectMenuItem"
          key="444444|4448"
          value="444444|4448"
        >
          4444 44** **** 4448
          <Svg
            className="BillingFrameTiedCards__selectCardLogo"
            src="svgID"
          />
        </Item>
        <Item
          className="BillingFrameTiedCards__selectMenuItem"
          key="555555|4444"
          value="555555|4444"
        >
          5555 55** **** 4444
          <Svg
            className="BillingFrameTiedCards__selectCardLogo"
            src="svgID"
          />
        </Item>
        <Item
          className="BillingFrameTiedCards__selectMenuItem"
          key="411111|1111"
          value="411111|1111"
        >
          4111 11** **** 1111
        </Item>
        <Item
          className="BillingFrameTiedCards__selectMenuItem"
          key="new"
          value="new"
        >
          <Link
            className="BillingFrameTiedCards__addCardLink"
          >
            Добавить карту
          </Link>
        </Item>
      </Select>
      <Checkbox
        checked={false}
        className="BillingFrameTiedCards__checkbox"
        onCheck={[Function]}
        size="m"
        type="checkbox"
      >
        Всегда оплачивать с этой карты
      </Checkbox>
    </div>
    <Button
      className="BillingFrameTiedCards__button"
      color="green"
      onClick={[Function]}
      size="l"
      type="button"
      width="default"
    >
      Оплатить 
      90 ₽
    </Button>
  </div>
</div>
`;
