// Jest Snapshot v1, https://goo.gl/fbAQLP

exports[`должен формировать в title длительность ожидания, имя оффера и телефон 1`] = `
<React.Fragment>
  <AudioPlayerTitleDot />
  <AudioPlayerTitle>
    00:10
     Ожидание
  </AudioPlayerTitle>
  <AudioPlayerTitleDot />
  <AudioPlayerTitle>
    <Link
      target="_blank"
      url="link/card/?category=cars&section=used&mark=FORD&model=ECOSPORT&sale_id=1085562758&sale_hash=1970f439"
    >
      Ford EcoSport I
    </Link>
  </AudioPlayerTitle>
  <AudioPlayerTitleDot />
  <AudioPlayerTitle>
    +79133332211
  </AudioPlayerTitle>
</React.Fragment>
`;
