// Jest Snapshot v1, https://goo.gl/fbAQLP

exports[`должен вызвать правильный набор блоков 1`] = `
Object {
  "bunker": Object {
    "call_complain_reasons": undefined,
  },
  "callsNumbers": Object {
    "hasError": false,
    "listing": Array [],
    "pagination": Object {},
  },
  "confirmListing": Array [],
  "settings": Object {
    "calltracking_enabled": true,
  },
}
`;
