// Jest Snapshot v1, https://goo.gl/fbAQLP

exports[`должен отмечать тег иконкой checked, если он есть в списке 1`] = `
<div
  className="CallsListingItemTagsSuggest__item"
>
  <IconSvg
    className="CallsListingItemTagsSuggest__checkIcon"
    id="svgID"
    size="12"
  />
  <div
    className="CallsListingItemTagsSuggest__itemText CallsListingItemTagsSuggest__itemText_checked"
  >
    tag_1
  </div>
</div>
`;
