// Jest Snapshot v1, https://goo.gl/fbAQLP

exports[`должен отрендерить карусель 1`] = `
<div
  className="CatalogCarousel"
>
  <amp-state
    id="selectedundefined"
  >
    <script
      dangerouslySetInnerHTML={
        Object {
          "__html": "{ \\"slide\\": 0 }",
        }
      }
      type="application/json"
    />
  </amp-state>
  <amp-carousel
    height="282"
    layout="responsive"
    on="slideChange:AMP.setState({ selectedundefined: { slide: event.index } })"
    type="slides"
    width="375"
  >
    <div
      className="CatalogCarousel__slide"
      key="0"
    >
      <AmpLink>
        <AmpImg
          alt={0}
          className="CatalogCarousel__image"
          height="282"
          layout="fill"
          src="//avatars.mds.yandex.net/get-verba/1030388/2a0000017080b874c59ece700722941db579/cattouchret"
          width="375"
        />
        0
      </AmpLink>
    </div>
    <div
      className="CatalogCarousel__slide"
      key="1"
    >
      <AmpLink>
        <AmpImg
          alt={1}
          className="CatalogCarousel__image"
          height="282"
          layout="fill"
          src="//avatars.mds.yandex.net/get-verba/1030388/2a0000016d6821d53128ece9662756e05d55/cattouchret"
          width="375"
        />
        <div
          className="CatalogCarousel__text"
        >
          1
        </div>
        <div
          className="CatalogCarousel__shadow"
        />
      </AmpLink>
    </div>
    <div
      className="CatalogCarousel__slide"
      key="2"
    >
      <AmpLink>
        <AmpImg
          alt={2}
          className="CatalogCarousel__image"
          height="282"
          layout="fill"
          src="//avatars.mds.yandex.net/get-verba/997355/2a0000016efea787dd46c599a439feb532c5/cattouchret"
          width="375"
        />
        <div
          className="CatalogCarousel__text"
        >
          2
        </div>
        <div
          className="CatalogCarousel__shadow"
        />
      </AmpLink>
    </div>
    <div
      className="CatalogCarousel__slide"
      key="3"
    >
      <AmpLink>
        <AmpImg
          alt={3}
          className="CatalogCarousel__image"
          height="282"
          layout="fill"
          src="//avatars.mds.yandex.net/get-verba/787013/2a000001608e6ad6fd310f858594cb686875/cattouchret"
          width="375"
        />
        <div
          className="CatalogCarousel__text"
        >
          3
        </div>
        <div
          className="CatalogCarousel__shadow"
        />
      </AmpLink>
    </div>
    <div
      className="CatalogCarousel__slide"
      key="4"
    >
      <AmpLink>
        <AmpImg
          alt={4}
          className="CatalogCarousel__image"
          height="282"
          layout="fill"
          src="//avatars.mds.yandex.net/get-verba/1030388/2a000001723b7af52d8ac094e193cb63d36e/cattouchret"
          width="375"
        />
        <div
          className="CatalogCarousel__text"
        >
          4
        </div>
        <div
          className="CatalogCarousel__shadow"
        />
      </AmpLink>
    </div>
    <div
      className="CatalogCarousel__slide"
      key="5"
    >
      <AmpLink>
        <AmpImg
          alt={5}
          className="CatalogCarousel__image"
          height="282"
          layout="fill"
          src="//avatars.mds.yandex.net/get-verba/1030388/2a0000016be1a153059d0bb72110064caad8/cattouchret"
          width="375"
        />
        <div
          className="CatalogCarousel__text"
        >
          5
        </div>
        <div
          className="CatalogCarousel__shadow"
        />
      </AmpLink>
    </div>
  </amp-carousel>
  <div
    className="CatalogCarousel__info noBg"
  >
    <div
      className="CatalogCarousel__title"
    />
  </div>
  <div
    className="CatalogCarousel__counter"
    data-amp-bind-text="(selectedundefined.slide + 1) + '/' + 6"
  >
    1/
    6
  </div>
</div>
`;
