// Jest Snapshot v1, https://goo.gl/fbAQLP

exports[`должен вернуть компонент tooltip 1`] = `
<div
  className="ClientsItemChart__tooltop"
>
  2020-07-05
  : 
  700 ₽
</div>
`;

exports[`должен вернуть компонент графика 1`] = `
<ForwardRef>
  <BarChart
    barCategoryGap="10%"
    barGap={4}
    data={
      Array [
        Object {
          "date": "02.07",
          "value": undefined,
        },
        Object {
          "date": "03.07",
          "value": undefined,
        },
        Object {
          "date": "04.07",
          "value": undefined,
        },
        Object {
          "date": "05.07",
          "value": 700,
        },
      ]
    }
    layout="horizontal"
    margin={
      Object {
        "bottom": 5,
        "left": 5,
        "right": 5,
        "top": 5,
      }
    }
    reverseStackOrder={false}
    stackOffset="none"
    syncMethod="index"
  >
    <CartesianGrid
      fill="none"
      horizontal={true}
      horizontalFill={Array []}
      horizontalPoints={Array []}
      stroke="#ccc"
      strokeDasharray="2 2"
      vertical={true}
      verticalFill={Array []}
      verticalPoints={Array []}
    />
    <XAxis
      allowDataOverflow={false}
      allowDecimals={true}
      allowDuplicatedCategory={true}
      dataKey="date"
      domain={
        Array [
          0,
          "auto",
        ]
      }
      fontSize={11}
      height={30}
      hide={false}
      mirror={false}
      orientation="bottom"
      padding={
        Object {
          "left": 0,
          "right": 0,
        }
      }
      reversed={false}
      scale="auto"
      tickCount={5}
      type="category"
      width={0}
      xAxisId={0}
    />
    <YAxis
      allowDataOverflow={false}
      allowDecimals={true}
      allowDuplicatedCategory={true}
      domain={
        Array [
          0,
          "auto",
        ]
      }
      fontSize={11}
      height={0}
      hide={false}
      mirror={false}
      orientation="left"
      padding={
        Object {
          "bottom": 0,
          "top": 0,
        }
      }
      reversed={false}
      scale="auto"
      tickCount={5}
      type="number"
      width={60}
      yAxisId={0}
    />
    <Tooltip
      active={false}
      allowEscapeViewBox={
        Object {
          "x": false,
          "y": false,
        }
      }
      animationDuration={400}
      animationEasing="ease"
      content={[Function]}
      contentStyle={Object {}}
      coordinate={
        Object {
          "x": 0,
          "y": 0,
        }
      }
      cursor={
        Object {
          "fill": "transparent",
        }
      }
      cursorStyle={Object {}}
      filterNull={true}
      isAnimationActive={true}
      itemStyle={Object {}}
      labelStyle={Object {}}
      offset={10}
      separator=" : "
      trigger="hover"
      useTranslate3d={false}
      viewBox={
        Object {
          "x1": 0,
          "x2": 0,
          "y1": 0,
          "y2": 0,
        }
      }
      wrapperStyle={Object {}}
    />
    <Bar
      animationBegin={0}
      animationDuration={400}
      animationEasing="ease"
      data={Array []}
      dataKey="value"
      fill="#D8D8D8"
      hide={false}
      isAnimationActive={true}
      layout="vertical"
      legendType="rect"
      minPointSize={0}
      xAxisId={0}
      yAxisId={0}
    />
  </BarChart>
</ForwardRef>
`;
