// Jest Snapshot v1, https://goo.gl/fbAQLP

exports[`должен вернуть список контактов 1`] = `
Array [
  <div
    className="ClientsItemPhones"
    key="+7 111 111 11 11"
  >
    <div
      className="ClientsItemPhones__title"
    >
      менеджер
      :
    </div>
    <div
      className="ClientsItemPhones__phone"
    >
      +7 111 111-11-11
    </div>
  </div>,
  <div
    className="ClientsItemPhones"
    key="+7 222 222 22 22"
  >
    <div
      className="ClientsItemPhones__phone"
    >
      +7 222 222-22-22
    </div>
  </div>,
  <div
    className="ClientsItemPhones"
    key="+7 333 333 33 33"
  >
    <div
      className="ClientsItemPhones__title"
    >
      менеджер 2
      :
    </div>
    <div
      className="ClientsItemPhones__phone"
    >
      +7 333 333-33-33
    </div>
  </div>,
]
`;
