// Jest Snapshot v1, https://goo.gl/fbAQLP

exports[`должен вернуть набор компонетов: графики, фильтры, сортировки, листинг, пагинацию и модал автопродления 1`] = `
<div
  className="DashboardAgency"
>
  <DashboardAgencyCharts
    filterPresets={
      Array [
        Object {
          "count": 155,
          "facet": "all",
          "name": "Все",
        },
      ]
    }
  />
  <ClientsFilters
    id="filter_presets"
    isLoading={false}
    presets={
      Array [
        Object {
          "count": 155,
          "facet": "all",
          "name": "Все",
        },
      ]
    }
  />
  <ClientsSorts
    onSortClick={[Function]}
  />
  <div
    className="DashboardAgency__listing"
  >
    <ClientsItem
      client={
        Object {
          "id": "clientId",
        }
      }
      key="clientId"
    />
  </div>
  <ListingPagination
    buttonsSize="s"
    className="DashboardAgency__pagination"
    current={1}
    disabled={false}
    linkBuilder={[Function]}
    max={10}
    min={1}
    onClick={[Function]}
    renderAfterPages={[Function]}
    showMore={false}
    showNextPrev={true}
    showNextTip={true}
    showPrevTip={true}
    size={10}
  />
</div>
`;
