// Jest Snapshot v1, https://goo.gl/fbAQLP

exports[`должен вернуть корректный компонент, если deleted = false 1`] = `
<li
  className="DeliverySettingsRegion"
>
  <div
    className="DeliverySettingsRegion__header"
  >
    <div
      className="DeliverySettingsRegion__city"
    >
      some name
    </div>
    <div
      className="DeliverySettingsRegion__total"
    >
      200 ₽
       / в сутки
    </div>
    <div
      className="DeliverySettingsRegion__arrow"
      onClick={[Function]}
    >
      <IconSvg
        id="svgID"
        size="24"
      />
    </div>
    <div
      className="DeliverySettingsRegion__removeButton"
    >
      <IconSvg
        id="svgID"
        size="24"
      />
    </div>
  </div>
  <div
    className="DeliverySettingsRegion__address"
  >
    some address
  </div>
  <ul
    className="DeliverySettingsRegion__services"
  >
    <li
      className="DeliverySettingsRegion__service"
      key="region-222-product-delivery"
    >
      <div>
        доставка
      </div>
      <div
        className="DeliverySettingsRegion__price"
      >
        200 ₽ / в сутки
      </div>
    </li>
  </ul>
</li>
`;

exports[`должен вернуть корректный компонент, если deleted = true 1`] = `
<li
  className="DeliverySettingsRegion DeliverySettingsRegion_deleted"
>
  <div>
    <IconSvg
      id="svgID"
      size="24"
    />
    Отменить удаление
  </div>
</li>
`;
