// Jest Snapshot v1, https://goo.gl/fbAQLP

exports[`должен отрендерить родительские категории 1`] = `
<Tags
  mode="radio-check"
  onChange={[Function]}
  radius="r100"
  value={Array []}
  wrap="wrap"
>
  <Item
    key="CARS_USED"
    value="CARS_USED"
  >
    Легковые с пробегом
  </Item>
  <Item
    key="CARS_NEW"
    value="CARS_NEW"
  >
    Легковые новые
  </Item>
  <Item
    key="LCV_NEW"
    value="LCV_NEW"
  >
    Лёгкие коммерческие новые
  </Item>
  <Item
    key="COMMERCIAL_USED"
    value="COMMERCIAL_USED"
  >
    Тяжелые коммерческие с пробегом
  </Item>
  <Item
    key="COMMERCIAL_NEW"
    value="COMMERCIAL_NEW"
  >
    Тяжелые коммерческие новые
  </Item>
  <Item
    key="SPECIAL_USED"
    value="SPECIAL_USED"
  >
    Спецтехника с пробегом
  </Item>
  <Item
    key="SPECIAL_NEW"
    value="SPECIAL_NEW"
  >
    Спецтехника новая
  </Item>
</Tags>
`;

exports[`должен отрендерить чилдренов выбранной родительской категории 1`] = `
<Tags
  mode="radio-check"
  onChange={[Function]}
  radius="r100"
  value={Array []}
  wrap="wrap"
>
  <Item
    key="TRUCK"
    value="TRUCK"
  >
    Грузовики
  </Item>
  <Item
    key="TRAILER"
    value="TRAILER"
  >
    Прицепы
  </Item>
  <Item
    key="SWAP_BODY"
    value="SWAP_BODY"
  >
    Съёмные кузова
  </Item>
  <Item
    key="BUS"
    value="BUS"
  >
    Автобусы
  </Item>
  <Item
    key="ARTIC"
    value="ARTIC"
  >
    Седельные тягачи
  </Item>
</Tags>
`;
