// Jest Snapshot v1, https://goo.gl/fbAQLP

exports[`группирует комплектации по имени 1`] = `
Array [
  Object {
    "name": "Active",
    "tech_params": Array [
      "1.6 MT (110 л.с.)",
      "1.4 MT (150 л.с.)",
      "1.6 AT (110 л.с.)",
    ],
  },
  Object {
    "name": "Ambition",
    "tech_params": Array [
      "1.6 MT (110 л.с.)",
      "1.4 MT (150 л.с.)",
      "1.8 AMT (180 л.с.) 4WD",
      "1.6 AT (110 л.с.)",
      "1.4 AMT (150 л.с.)",
      "1.8 AMT (180 л.с.)",
    ],
  },
  Object {
    "name": "Hockey Edition",
    "tech_params": Array [
      "1.6 MT (110 л.с.)",
      "1.4 MT (150 л.с.)",
    ],
  },
  Object {
    "name": "Laurin & Klement",
    "tech_params": Array [
      "1.8 MT (180 л.с.)",
    ],
  },
  Object {
    "name": "Style",
    "tech_params": Array [
      "1.6 MT (110 л.с.)",
      "1.4 MT (150 л.с.)",
      "1.6 AT (110 л.с.)",
      "1.4 AMT (150 л.с.)",
      "1.8 AMT (180 л.с.)",
    ],
  },
]
`;

exports[`добавляет к модификациям список опций 1`] = `
Object {
  "abs": true,
  "airbag-passenger": true,
  "computer": true,
  "condition": true,
  "cooling-box": true,
  "cruise-control": true,
  "esp": true,
  "mirrors-heat": true,
}
`;
