// Jest Snapshot v1, https://goo.gl/fbAQLP

exports[`должен вернуть тексты для блока "Готово" 1`] = `
Array [
  "Вы выбрали автомобили годов выпуска от 2005 до 2020",
  "В бюджете от 10 000 ₽ до 300 000 000 ₽",
  "Вы выбрали хороший автомобиль",
]
`;

exports[`не должен вернуть текст, если нет значений ответов 1`] = `Array []`;
