// Jest Snapshot v1, https://goo.gl/fbAQLP

exports[`должен рендерить только компонент баланса, если нет доступа к пополнению баланса 1`] = `
<div
  className="HeaderBalanceForm__container"
>
  <Connect(BalanceRecharge)
    disabled={true}
    shouldShowOnBording={false}
    value={0}
  />
</div>
`;
