// Jest Snapshot v1, https://goo.gl/fbAQLP

exports[`Пути устанавливает srcSet и src есть переданы размеры 1`] = `
<div
  className="Image"
>
  <img
    className="Image__img"
    decoding="auto"
    height={900}
    loading="lazy"
    src="picture-of-cat"
    srcSet="picture-of-cat 320w,picture-of-cat 1200w"
    width={1200}
  />
</div>
`;

exports[`рендерит картинку с переданными src, attributes, imageAttributes, className 1`] = `
<div
  className="Image Test"
  style={
    Object {
      "opacity": 1,
    }
  }
>
  <img
    className="Image__img Test__image"
    decoding="sync"
    height={900}
    loading="lazy"
    sizes="100px"
    src="picture-of-cat"
    srcSet="picture-of-cat 320w,picture-of-cat 1200w"
    width={1200}
  />
</div>
`;
