// Jest Snapshot v1, https://goo.gl/fbAQLP

exports[`должен обработать подтверждение адреса электронной почты 1`] = `
Object {
  "confirm": Object {
    "status": "SUCCESS",
  },
  "emailChange": DescriptError {
    "error": Object {
      "id": "BLOCK_GUARDED",
    },
  },
  "originalParams": Object {
    "code": "7777",
    "new_email": "test@test.ru",
  },
  "user": Object {
    "auth": true,
    "encrypted_user_id": undefined,
    "id": "777",
    "tied_cards": undefined,
    "user_balance": undefined,
  },
}
`;

exports[`должен обработать смену адреса электронной почты 1`] = `
Object {
  "confirm": DescriptError {
    "error": Object {
      "id": "BLOCK_GUARDED",
    },
  },
  "emailChange": Object {
    "status": "SUCCESS",
  },
  "originalParams": Object {
    "code": "7777",
    "email": "old_test@test.ru",
    "new_email": "test@test.ru",
  },
  "user": Object {
    "auth": true,
    "encrypted_user_id": undefined,
    "id": "777",
    "tied_cards": undefined,
    "user_balance": undefined,
  },
}
`;
