// Jest Snapshot v1, https://goo.gl/fbAQLP

exports[`getInsuranceData возвращает минимум 2 поля: "Начало действия" и "Серия и номер" 1`] = `
Array [
  Object {
    "key": "serialNumber",
    "title": "Серия и номер",
    "value": "111",
  },
  Object {
    "key": "insuranceFrom",
    "title": "Начало действия",
    "value": "Неизвестно",
  },
]
`;
