// Jest Snapshot v1, https://goo.gl/fbAQLP

exports[`если в ответе бэка есть тикет создаст правильные экшены для стора 1`] = `
Array [
  Object {
    "payload": Object {
      "paymentInfo": Object {
        "ticket_id": "foo",
      },
    },
    "type": "BILLING_ADD_TRANSACTION",
  },
  Object {
    "payload": "foo",
    "type": "BILLING_SET_ACTIVE_TRANSACTION",
  },
]
`;
