// Jest Snapshot v1, https://goo.gl/fbAQLP

exports[`на клик отправляет page, page_size и index правильно и записывает данные в ls 1`] = `
Object {
  "card_click_event": Object {
    "card_from": undefined,
    "card_id": "",
    "category": "CARS",
    "context_block": "BLOCK_LISTING",
    "context_page": "PAGE_LISTING",
    "search_position": 337,
    "search_query_id": "search_id",
    "section": "",
    "self_type": "TYPE_SINGLE",
  },
  "original_request_id": undefined,
}
`;
