// Jest Snapshot v1, https://goo.gl/fbAQLP

exports[`маппер кредитной формы в формат бекенда / водительское удостоверение 1`] = `
Object {
  "driver_license": Object {
    "driver_license_entity": Object {
      "issue_date": "2018-11-12T00:00:00.000Z",
      "number": "12AA567890",
    },
  },
}
`;
