// Jest Snapshot v1, https://goo.gl/fbAQLP

exports[`место работы - в организации 1`] = `
Object {
  "employment/address": Object {
    "value": "address_entity_mock",
  },
  "employment/company": Object {
    "address": Object {
      "value": "address_entity_mock",
    },
    "inn": "6321228784",
    "okved": "69.10",
    "value": "ООО \\"ДОДОН\\"",
  },
  "employment/last_experience_months": 15,
  "employment/phone": "+79168570421",
  "employment/position_type": "CHIEF_ACCOUNTANT",
  "employment_choose": "employed",
}
`;

exports[`место работы - на себя 1`] = `
Object {
  "employment/address": Object {
    "value": "address_entity_mock",
  },
  "employment_choose": "self_employed",
  "self_employment/company": Object {
    "inn": "650302016647",
    "okved": "96.02",
    "value": "ИП Пе Юхен",
  },
}
`;

exports[`место работы - не работаю 1`] = `
Object {
  "employment/other_reason": "Сори, не хочуу",
  "employment/reason": "UNKNOWN_REASON",
  "employment_choose": "not_employed",
}
`;
