// Jest Snapshot v1, https://goo.gl/fbAQLP

exports[`должен отрендерить модал со ссылкой на пользовательское соглашение  для неавторизованного пользователя 1`] = `
<Modal
  animation={true}
  basement={
    <div
      className="MatchApplicationModalDesktop__legalNotice"
    >
      Отправляя заявку, я соглашаюсь с условиями
       
      <Link
        className="MatchApplicationModalDesktop__legalNoticeLink"
        target="_blank"
        url="https://yandex.ru/legal/autoru_terms_of_service/"
      >
        пользовательского соглашения
      </Link>
    </div>
  }
  className="MatchApplicationButton__modal"
  closer={true}
  onRequestHide={[Function]}
  visible={true}
  zIndexGroupLevel={20}
>
  <CloseButton
    color="white"
    form="standart"
    onClick={[Function]}
    outer={true}
    size="s"
    type="modal"
  />
  <div
    className="MatchApplicationModalDesktop__content"
  >
    <div
      className="MatchApplicationModalDesktop__column MatchApplicationModalDesktop__description"
    >
      <div
        className="MatchApplicationModalDesktop__text"
      >
        <h2
          className="MatchApplicationModalDesktop__title"
        >
          Новый автомобиль по
           
          лучшей цене
        </h2>
        <p
          className="MatchApplicationModalDesktop__paragraph"
        >
          Специалист Авто.ру обойдет всех дилеров и договорится о
           
          лучшем предложении.
        </p>
      </div>
      <img
        className="MatchApplicationModalDesktop__image"
        src="picture-of-cat"
        srcSet="picture-of-cat 2x"
      />
    </div>
    <div
      className="MatchApplicationModalDesktop__column"
    >
      <MatchApplicationModalForm
        fetchModels={[Function]}
        marks={Array []}
        models={Array []}
        onSubmit={[Function]}
      />
    </div>
  </div>
</Modal>
`;
