// Jest Snapshot v1, https://goo.gl/fbAQLP

exports[`должен рендерить плейсхолдер "Нет заявок" вместо каунтера с суммой, если их нет 1`] = `
<div
  className="MatchApplicationsFilters__info"
>
  Нет заявок
</div>
`;

exports[`должен сделать ссылку на страницу подписок с якорем на раздел заявок на подбор 1`] = `
<div
  className="MatchApplicationsFilters__button"
>
  <Button
    color="white"
    size="l"
    target="_blank"
    type="link"
    url="linkCabinet/settings-subscriptions/?#match-applications"
    width="default"
  >
    Пересылать заявки
  </Button>
</div>
`;
