// Jest Snapshot v1, https://goo.gl/fbAQLP

exports[`запрос данных произойдет при маунте 1`] = `
Array [
  "getStatsPredict",
  Object {
    "color": "040001",
    "equipment": Array [
      "mirrors-heat",
    ],
    "km_age": 42,
    "owners_count": 1,
    "rid": "213",
    "tech_param_id": "20104325",
    "year": 2017,
  },
]
`;
