// Jest Snapshot v1, https://goo.gl/fbAQLP

exports[`Должен отрендерить хлебные крошки 1`] = `
<div
  className="OfferAmpBreadcrumbs"
>
  <div
    className="OfferAmpBreadcrumbs__item"
  >
    <div
      className="OfferAmpBreadcrumbs__itemText"
    >
      <AmpLink
        className="OfferAmpBreadcrumbs__itemText"
        color="gray"
        url="link/index/?"
      >
        Продажа автомобилей
      </AmpLink>
      <AmpIcon
        className="OfferAmpBreadcrumbs__arrow"
        id="svgID"
        key="arrow"
        size="24"
      />
    </div>
  </div>
  <div
    className="OfferAmpBreadcrumbs__item"
    key="breadcrumb-SECTION_LEVEL"
  >
    <AmpLink
      className="OfferAmpBreadcrumbs__itemText"
      color="gray"
      url="link/listing/?section=used"
    >
      Б/у
    </AmpLink>
  </div>
  <AmpIcon
    className="OfferAmpBreadcrumbs__arrow"
    id="svgID"
    key="arrow"
    size="24"
  />
  <div
    className="OfferAmpBreadcrumbs__item"
    key="breadcrumb-MARK_LEVEL"
  >
    <AmpLink
      className="OfferAmpBreadcrumbs__itemText"
      color="gray"
      url="link/listing/?section=used&mark=FORD"
    >
      Ford
    </AmpLink>
  </div>
  <AmpIcon
    className="OfferAmpBreadcrumbs__arrow"
    id="svgID"
    key="arrow"
    size="24"
  />
  <div
    className="OfferAmpBreadcrumbs__item"
    key="breadcrumb-MODEL_LEVEL"
  >
    <AmpLink
      className="OfferAmpBreadcrumbs__itemText"
      color="gray"
      url="link/listing/?mark=FORD&section=used&model=ECOSPORT"
    >
      EcoSport
    </AmpLink>
  </div>
  <AmpIcon
    className="OfferAmpBreadcrumbs__arrow"
    id="svgID"
    key="arrow"
    size="24"
  />
  <div
    className="OfferAmpBreadcrumbs__item"
    key="breadcrumb-GENERATION_LEVEL"
  >
    <AmpLink
      className="OfferAmpBreadcrumbs__itemText"
      color="gray"
      url="link/listing/?mark=FORD&model=ECOSPORT&section=used&super_gen=20104320"
    >
      I
    </AmpLink>
  </div>
  <AmpIcon
    className="OfferAmpBreadcrumbs__arrow"
    id="svgID"
    key="arrow"
    size="24"
  />
  <div
    className="OfferAmpBreadcrumbs__item"
    key="breadcrumb-CONFIGURATION_LEVEL"
  >
    <AmpLink
      className="OfferAmpBreadcrumbs__itemText"
      color="gray"
      url="link/listing/?mark=FORD&model=ECOSPORT&super_gen=20104320&section=used&configuration_id=20104322"
    >
      Внедорожник 5 дв.
    </AmpLink>
  </div>
  <AmpIcon
    className="OfferAmpBreadcrumbs__arrow"
    id="svgID"
    key="arrow"
    size="24"
  />
  <div
    className="OfferAmpBreadcrumbs__item"
    key="breadcrumb-TECH_PARAM_LEVEL"
  >
    <AmpLink
      className="OfferAmpBreadcrumbs__itemText"
      color="gray"
      url="link/listing/?mark=FORD&model=ECOSPORT&configuration_id=20104322&super_gen=20104320&section=used&tech_param_id=20104325"
    >
      1.6 AMT (122 л.с.)
    </AmpLink>
  </div>
  <div
    className="OfferAmpBreadcrumbs__item"
  >
    <div
      className="OfferAmpBreadcrumbs__itemText"
    >
       в Москве
    </div>
  </div>
</div>
`;
