// Jest Snapshot v1, https://goo.gl/fbAQLP

exports[`должен рендерить контент без навигации, если доступен только один элемент навигации 1`] = `"Контент"`;

exports[`должен рендерить контент с навигацией, если разделов с правами больше 1 1`] = `
Array [
  <div
    className="Orders__navigation"
  >
    <Connect(ServiceNavigation)
      isSPA={true}
      navigationItems={
        Array [
          Object {
            "active": true,
            "className": "Orders__navItem",
            "name": "new-cars",
            "title": "Заявки на новый автомобиль",
            "url": "linkCabinet/match-applications/?",
          },
          Object {
            "active": false,
            "className": "Orders__navItem",
            "name": "trade-in",
            "title": "Заявки на трейд-ин",
            "url": "linkCabinet/trade-in/?",
          },
          Object {
            "active": false,
            "className": "Orders__navItem",
            "name": "booking",
            "title": "Заявки на бронирование",
            "url": "linkCabinet/booking/?",
          },
        ]
      }
    />
    <LoaderBar
      className="Orders__loaderBar"
      color="red"
      isLoading={false}
    />
  </div>,
  "Контент",
]
`;
