// Jest Snapshot v1, https://goo.gl/fbAQLP

exports[`правильно формирует ссылки в кнопке больше материалом при выбранной марке 1`] = `"linkMag/mag-tag/?tag_id=BMW&utm_campaign=videopage_topics"`;

exports[`правильно формирует ссылки в кнопке больше материалом при выбранной марке-модели 1`] = `"linkMag/mag-tag/?tag_id=BMW-X5&utm_campaign=videopage_topics"`;

exports[`правильно формирует ссылки на всей странице 1`] = `
Array [
  "linkMag/mag-article/?article_id=dailydgst220421&utm_content=dailydgst220421&utm_campaign=videopage_video",
  "linkMag/mag-article/?article_id=dailydgst220421&utm_campaign=videopage_topics&utm_content=dailydgst220421",
  "linkMag/mag-article/?article_id=dailydgst220421&utm_campaign=videopage_topics&utm_content=dailydgst220421",
  "linkMag/mag-theme/?theme_id=main&utm_campaign=videopage_topics&utm_content=dailydgst220421",
  "linkMag/mag-index/?utm_campaign=videopage_topics",
]
`;
