// Jest Snapshot v1, https://goo.gl/fbAQLP

exports[`price_stats block exists common snapshot test 1`] = `
Object {
  "backgroundColor": "F96778",
  "backgroundColorDark": "1C1C1E",
  "backgroundColorID": 45,
  "children": Array [
    Object {
      "alignItems": "center",
      "children": Array [
        Object {
          "fontSize": 48,
          "fontWeight": "bold",
          "margin": "{0, 0, 12, 0}",
          "name": "text",
          "text": "~765 500 ₽",
          "textAlignment": "center",
          "textColor": "ffffff",
          "textColorDark": "ffffff",
          "textColorID": 44,
        },
        Object {
          "fontSize": 14,
          "name": "text",
          "text": "Средняя цена Hyundai Solaris 2018 года на Авто.ру",
          "textAlignment": "center",
          "textColor": "ffffff",
          "textColorDark": "ffffff",
          "textColorID": 44,
        },
      ],
      "flexDirection": "column",
      "name": "stack",
      "padding": "{16, 24, 16, 24}",
    },
    Object {
      "id": "price_predict",
      "margin": "{0, 24, 0, 24}",
      "name": "priceStatsGraph",
    },
  ],
  "cornerRadius": 24,
  "flexDirection": "column",
  "id": "price_stats",
  "margin": "{16, 0, 16, 0}",
  "name": "stack",
  "padding": "{16, 0, 0, 0}",
}
`;

exports[`price_stats block exists common snapshot test 2`] = `"<list><stack backgroundColor=\\"F96778\\" backgroundColorDark=\\"1C1C1E\\" backgroundColorID=\\"45\\" cornerRadius=\\"24\\" flexDirection=\\"column\\" id=\\"price_stats\\" margin=\\"{16, 0, 16, 0}\\" padding=\\"{16, 0, 0, 0}\\"><stack alignItems=\\"center\\" flexDirection=\\"column\\" padding=\\"{16, 24, 16, 24}\\"><text fontSize=\\"48\\" fontWeight=\\"bold\\" margin=\\"{0, 0, 12, 0}\\" text=\\"~765&#160;500&#160;₽\\" textColor=\\"ffffff\\" textColorDark=\\"ffffff\\" textColorID=\\"44\\" textAlignment=\\"center\\"/><text fontSize=\\"14\\" text=\\"Средняя цена Hyundai Solaris 2018 года на&#160;Авто.ру\\" textAlignment=\\"center\\" textColor=\\"ffffff\\" textColorDark=\\"ffffff\\" textColorID=\\"44\\"/></stack><priceStatsGraph id=\\"price_predict\\" margin=\\"{0, 24, 0, 24}\\"/></stack></list>"`;
