// Jest Snapshot v1, https://goo.gl/fbAQLP

exports[`reload resolution cell reload allowed 1`] = `
Object {
  "children": Array [
    Object {
      "flex": 1,
      "fontSize": 14,
      "margin": "{0, 0, 10, 0}",
      "name": "text",
      "text": "Обновите отчёт, для актуализации данных проверки об ограничениях на регистрацию и нахождение в залоге",
      "textColor": "80000000",
      "textColorDark": "98FFFFFF",
      "textColorID": 48,
    },
    Object {
      "children": Array [
        Object {
          "alignItems": "center",
          "backgroundColor": "0C78ED",
          "backgroundColorDark": "0C78ED",
          "backgroundColorID": 50,
          "children": Array [
            Object {
              "fontSize": 14,
              "fontWeight": "semibold",
              "margin": "{0, 16, 0, 16}",
              "name": "text",
              "text": "Обновить",
              "textColor": "FFFFFF",
              "textColorDark": "FFFFFF",
              "textColorID": 51,
            },
            Object {
              "color": "FFFFFF",
              "colorDark": "FFFFFF",
              "colorID": 51,
              "height": "18",
              "id": "spReloadResolution",
              "name": "spinner",
              "visible": false,
            },
          ],
          "cornerRadius": 8,
          "id": "vReloadResolution",
          "justifyContent": "center",
          "minHeight": 36,
          "minWidth": 106,
          "name": "stack",
          "onTapAction": "reloadResolution",
        },
      ],
      "flexDirection": "row",
      "name": "stack",
    },
  ],
  "flexDirection": "column",
  "id": "vReloadResolutionAllowed",
  "margin": "{4, 40, 0, 0}",
  "name": "stack",
}
`;

exports[`reload resolution cell reload not allowed for 24 hours 1`] = `
Object {
  "flex": 1,
  "fontSize": 14,
  "id": "tvRequestedInfo",
  "margin": "{4, 40, 0, 0}",
  "name": "text",
  "text": "Отчёт обновляется. Повторное обновление будет доступно через 24 часа.",
  "textColor": "80000000",
  "textColorDark": "98FFFFFF",
  "textColorID": 48,
}
`;

exports[`reload resolution cell reload not allowed for many hours 1`] = `
Object {
  "flex": 1,
  "fontSize": 14,
  "id": "tvRequestedInfo",
  "margin": "{4, 40, 0, 0}",
  "name": "text",
  "text": "Отчёт обновляется. Повторное обновление будет доступно через 34201 час.",
  "textColor": "80000000",
  "textColorDark": "98FFFFFF",
  "textColorID": 48,
}
`;
