// Jest Snapshot v1, https://goo.gl/fbAQLP

exports[`блок продления размещения со скидкой: если скидка действует для объявления отправит вас лог при маунте компонента 1`] = `
Array [
  Object {
    "category": "cars",
    "event": "VAS_SHOW",
    "from": "api_m_lk_prolong",
    "offerId": "1085562758-1970f439",
    "originalPrice": 1777,
    "price": 999,
    "serviceId": "all_sale_activate",
  },
]
`;

exports[`блок продления размещения со скидкой: если скидка действует для объявления при клике на кнопку активировать отправит вас лог 1`] = `
Array [
  Object {
    "category": "cars",
    "event": "VAS_CLICK",
    "from": "api_m_lk_prolong",
    "offerId": "1085562758-1970f439",
    "originalPrice": 1777,
    "price": 999,
    "serviceId": "all_sale_activate",
  },
]
`;

exports[`блок продления размещения со скидкой: если скидка действует для объявления при клике на кнопку активировать создаст действие на открытие модала оплаты 1`] = `
Array [
  Object {
    "category": "cars",
    "from": "api_m_lk_prolong",
    "offerId": "1085562758-1970f439",
    "platform": "PLATFORM_MOBILE",
    "services": Array [
      Object {
        "service": "all_sale_activate",
      },
    ],
    "shouldShowSuccessTextAfter": true,
    "successText": "Платёж прошёл",
  },
]
`;

exports[`для драфта добавляет кнопки редактирования и удаления 1`] = `
Array [
  <Button
    className="SalesItem__button"
    color="white"
    metrika="draft_in_lk,click"
    size="l"
    type="link"
    url="link/fromWebToApp/?action=edit"
    width="full"
  >
    Редактировать
  </Button>,
  <Button
    className="SalesItem__button"
    color="white"
    onClick={[Function]}
    size="l"
    type="button"
    width="full"
  >
    Удалить
  </Button>,
]
`;
