// Jest Snapshot v1, https://goo.gl/fbAQLP

exports[`должен отдать 200 без параметров пользователя, если пользователь не авторизован 1`] = `
Object {
  "auth": false,
}
`;

exports[`должен отдать 500, если ручка не ответила 1`] = `
DescriptError {
  "error": Object {
    "body": null,
    "headers": Object {
      "content-type": "application/json",
    },
    "id": "HTTP_500",
    "message": "Internal Server Error",
    "status_code": 500,
  },
}
`;
