// Jest Snapshot v1, https://goo.gl/fbAQLP

exports[`sources cell block exists 1`] = `
Object {
  "backgroundColor": "FFCC00",
  "backgroundColorDark": "FFCC00",
  "backgroundColorID": 49,
  "children": Array [
    Object {
      "children": Array [
        Object {
          "children": Array [
            Object {
              "fontSize": "16",
              "fontWeight": "bold",
              "name": "text",
              "text": "Опрошено 5 из 10 источников",
              "textColor": "000000",
              "textColorDark": "000000",
              "textColorID": 50,
            },
          ],
          "margin": "{24,0,0,0}",
          "name": "stack",
        },
        Object {
          "color": "F54B42",
          "colorDark": "F54B42",
          "colorID": 57,
          "height": "24",
          "margin": "{24,24,0,0}",
          "name": "spinner",
        },
      ],
      "justifyContent": "spaceBetween",
      "name": "stack",
    },
    Object {
      "fontSize": "14",
      "margin": "{6,0,0,24}",
      "name": "text",
      "text": "Мы сообщим вам, как только отчёт будет полностью готов",
      "textColor": "80000000",
      "textColorDark": "80000000",
      "textColorID": 51,
    },
  ],
  "cornerRadius": "24",
  "flexDirection": "column",
  "id": "sources_block",
  "margin": "{4,4,4,4}",
  "name": "stack",
  "padding": "{0, 24, 24, 0}",
}
`;

exports[`sources cell block exists 2`] = `"<list><stack id=\\"sources_block\\" backgroundColor=\\"FFCC00\\" backgroundColorDark=\\"FFCC00\\" backgroundColorID=\\"49\\" cornerRadius=\\"24\\" flexDirection=\\"column\\" margin=\\"{4,4,4,4}\\" padding=\\"{0, 24, 24, 0}\\"><stack justifyContent=\\"spaceBetween\\"><stack margin=\\"{24,0,0,0}\\"><text fontSize=\\"16\\" fontWeight=\\"bold\\" text=\\"Опрошено 5 из 10 источников\\" textColor=\\"000000\\" textColorDark=\\"000000\\" textColorID=\\"50\\"/></stack><spinner color=\\"F54B42\\" colorDark=\\"F54B42\\" colorID=\\"57\\" height=\\"24\\" margin=\\"{24,24,0,0}\\"/></stack><text fontSize=\\"14\\" text=\\"Мы сообщим вам, как только отчёт будет полностью готов\\" textColor=\\"80000000\\" textColorDark=\\"80000000\\" textColorID=\\"51\\" margin=\\"{6,0,0,24}\\"/></stack></list>"`;
