// Jest Snapshot v1, https://goo.gl/fbAQLP

exports[`возвращает базовые блоки 1`] = `
Object {
  "createdAt": "2021-06-03T16:26:23.000Z",
  "isArchived": true,
  "isHot": false,
  "isPartnership": false,
  "lastEditedAt": "2021-06-15T11:08:09.000Z",
  "listingType": "category",
  "mmm": "BMW",
  "posts": Object {},
  "postsCount": 121,
  "title": "BMW",
  "urlPart": "bmw",
}
`;

exports[`возвращает базовые блоки 2`] = `
Object {
  "pageNumber": 1,
  "totalArticlesCount": 3,
  "totalPageCount": 1,
}
`;
