// Jest Snapshot v1, https://goo.gl/fbAQLP

exports[`вызывается обработчик подписки, при заполнения значения и вызове onSubmit 1`] = `
Array [
  "async",
  Object {
    "data": Object {
      "customer": Object {
        "email": "dog@mag.ru",
        "subscriptions": Array [
          Object {
            "brand": "Autoru",
            "pointOfContact": "Email",
            "topic": "journal",
          },
        ],
      },
      "customerAction": Object {
        "customFields": Object {
          "format": "journal-post-popup",
          "section": "journal",
        },
      },
    },
    "operation": "SubscribeByEmail",
  },
]
`;
