// Jest Snapshot v1, https://goo.gl/fbAQLP

exports[`отдаст корректный ответ 1`] = `
Object {
  "category": "cars",
  "discountExpiresDate": "2019-11-06T21:00:00Z",
  "discountValue": 70,
  "hasMoreThanOneOffer": false,
  "saleId": "1085562758-1970f439",
  "services": Array [
    Object {
      "aliases": Array [
        "package_vip",
        "vip-package",
        "vip",
      ],
      "currency": "RUR",
      "days": 60,
      "description": "Это супер-комбо&nbsp;&mdash; все мощности Авто.ру будут использованы для продажи вашего автомобиля. Объявление будет размещено в&nbsp;специальном блоке вверху страниц, выделено цветом и&nbsp;самое главное&nbsp;&mdash; каждый день будет автоматически подниматься на&nbsp;первое место до&nbsp;конца размещения.",
      "multiplier": 200,
      "name": "VIP",
      "need_confirm": false,
      "original_price": 4958,
      "package_service_ids": Array [
        "all_sale_special",
        "all_sale_toplist",
        "all_sale_color",
        "all_sale_fresh",
      ],
      "package_services": Array [
        Object {
          "days": 60,
          "name": "Выделение цветом",
          "need_confirm": false,
          "price": 0,
          "recommendation_priority": 0,
          "service": "all_sale_color",
        },
        Object {
          "days": 60,
          "name": "Спецпредложение",
          "need_confirm": false,
          "price": 0,
          "recommendation_priority": 0,
          "service": "all_sale_special",
        },
        Object {
          "days": 60,
          "name": "Поднятие в ТОП",
          "need_confirm": false,
          "price": 0,
          "recommendation_priority": 0,
          "service": "all_sale_toplist",
        },
        Object {
          "days": 60,
          "name": "Поднятие в поиске",
          "need_confirm": false,
          "price": 0,
          "recommendation_priority": 0,
          "service": "all_sale_fresh",
        },
      ],
      "price": 2975,
      "recommendation_priority": 14,
      "service": "package_vip",
      "title": "Все опции продвижения на весь срок объявления",
      "type": "package",
    },
    Object {
      "aliases": Array [
        "package_turbo",
        "turbo-package",
        "turbo",
      ],
      "auto_prolong_price": 1247,
      "currency": "RUR",
      "days": 3,
      "description": "Ваше предложение увидит максимум посетителей&nbsp;&mdash; это увеличит шансы на&nbsp;быструю и&nbsp;выгодную продажу. Объявление будет выделено цветом, поднято в&nbsp;топ, размещено в&nbsp;специальном блоке на&nbsp;главной странице, на&nbsp;странице марки и&nbsp;в&nbsp;выдаче объявлений.",
      "multiplier": 20,
      "name": "Турбо-продажа",
      "need_confirm": false,
      "original_price": 1247,
      "package_service_ids": Array [
        "all_sale_special",
        "all_sale_toplist",
        "all_sale_color",
      ],
      "package_services": Array [
        Object {
          "days": 3,
          "name": "Выделение цветом",
          "need_confirm": false,
          "price": 0,
          "recommendation_priority": 0,
          "service": "all_sale_color",
        },
        Object {
          "days": 3,
          "name": "Спецпредложение",
          "need_confirm": false,
          "price": 0,
          "recommendation_priority": 0,
          "service": "all_sale_special",
        },
        Object {
          "days": 3,
          "name": "Поднятие в ТОП",
          "need_confirm": false,
          "price": 0,
          "recommendation_priority": 0,
          "service": "all_sale_toplist",
        },
      ],
      "price": 375,
      "prolongation_allowed": true,
      "recommendation_priority": 12,
      "service": "package_turbo",
      "title": "Максимальный охват покупателей",
      "type": "package",
    },
    Object {
      "aliases": Array [
        "package_express",
        "express-package",
        "express",
      ],
      "auto_prolong_price": 497,
      "currency": "RUR",
      "days": 6,
      "description": "Объявление будет размещено в&nbsp;специальном блоке на&nbsp;карточках похожих автомобилей, в&nbsp;выдаче объявлений и&nbsp;на&nbsp;главной странице (для легковых), а&nbsp;также выделено цветом. Это существенно увеличит количество просмотров.",
      "multiplier": 5,
      "name": "Экспресс-продажа",
      "need_confirm": false,
      "original_price": 497,
      "package_service_ids": Array [
        "all_sale_special",
        "all_sale_toplist",
      ],
      "package_services": Array [
        Object {
          "days": 6,
          "name": "Выделение цветом",
          "need_confirm": false,
          "price": 0,
          "recommendation_priority": 0,
          "service": "all_sale_color",
        },
        Object {
          "days": 6,
          "name": "Спецпредложение",
          "need_confirm": false,
          "price": 0,
          "recommendation_priority": 0,
          "service": "all_sale_special",
        },
      ],
      "price": 150,
      "prolongation_allowed": true,
      "recommendation_priority": 0,
      "service": "package_express",
      "title": "&laquo;Спецпредложение&raquo; и&nbsp;&laquo;Выделение цветом&raquo;&nbsp;&mdash; все что нужно для быстрой продажи!",
      "type": "package",
    },
  ],
}
`;
