// Jest Snapshot v1, https://goo.gl/fbAQLP

exports[`Возвращает все возможные ссылки видео по параметрам 1`] = `
Array [
  Object {
    "params": Object {
      "category": "cars",
    },
    "url": "/video/",
  },
  Object {
    "params": Object {
      "category": "cars",
      "mark": "MERCEDES",
    },
    "url": "/video/cars/mercedes/",
  },
  Object {
    "params": Object {
      "category": "cars",
      "mark": "MERCEDES",
      "model": "GLS_KLASSE",
    },
    "url": "/video/cars/mercedes/gls_klasse/",
  },
  Object {
    "params": Object {
      "category": "cars",
      "mark": "MERCEDES",
      "model": "GLS_KLASSE",
      "super_gen": 20712531,
    },
    "url": "/video/cars/mercedes/gls_klasse/20712531/",
  },
]
`;
