// Jest Snapshot v1, https://goo.gl/fbAQLP

exports[`генерирует сео при выбранной марке 1`] = `
Object {
  "canonical": "https://autoru_frontend.base_domain/video/cars/ford/",
  "description": "На Авто.ру максимальная база лучших видеообзоров и тест-драйвов автомобилей Ford - видео с последними новинками Форд",
  "h1": "Тест-драйвы Ford",
  "title": "Тест-драйвы Ford - видеообзоры последних моделей, видео тест-драйвы Форд на Авто.ру",
}
`;

exports[`генерирует сео при выбранной марке и модели 1`] = `
Object {
  "canonical": "https://autoru_frontend.base_domain/video/cars/ford/ecosport/",
  "description": "На Авто.ру максимальная база лучших видеообзоров и тест-драйвов автомобилей Ford EcoSport - видео с последними новинками Форд ЭкоСпорт",
  "h1": "Тест-драйвы Ford EcoSport",
  "title": "Тест-драйвы Ford EcoSport - видеообзоры последних моделей, видео тест-драйвы Форд ЭкоСпорт на Авто.ру",
}
`;

exports[`генерирует сео при выбранной марке, модели и неймплейте 1`] = `
Object {
  "canonical": "https://autoru_frontend.base_domain/video/cars/ford/c_max-grand/",
  "description": "На Авто.ру максимальная база лучших видеообзоров и тест-драйвов автомобилей Ford Grand C-MAX - видео с последними новинками Форд Grand C-MAX",
  "h1": "Тест-драйвы Ford Grand C-MAX",
  "title": "Тест-драйвы Ford Grand C-MAX - видеообзоры последних моделей, видео тест-драйвы Форд Grand C-MAX на Авто.ру",
}
`;

exports[`генерирует сео при выбранной марке, модели и поколении 1`] = `
Object {
  "canonical": "https://autoru_frontend.base_domain/video/cars/ford/ecosport/20104320/",
  "description": "На Авто.ру максимальная база лучших тест-драйвов автомобилей Ford EcoSport I - видеообзоры и сравнения Форд ЭкоСпорт I",
  "h1": "Тест-драйвы Ford EcoSport I",
  "title": "Тест-драйвы Ford EcoSport I - видеообзоры последних моделей, видео тест-драйвы Форд ЭкоСпорт I на Авто.ру",
}
`;

exports[`генерирует сео при пустом фильтре 1`] = `
Object {
  "canonical": "https://autoru_frontend.base_domain/video/",
  "description": "На Авто.ру максимальная база лучших видеообзоров и тест-драйвов автомобилей - видео с последними новинками автопрома",
  "h1": "Тест-драйвы и обзоры автомобилей",
  "title": "Тест-драйвы автомобилей - лучшие видеообзоры и тест-драйвы машин на Авто.ру",
}
`;
