// Jest Snapshot v1, https://goo.gl/fbAQLP

exports[`должен корректно отрендерить форму с меткой from 1`] = `
<div
  className="VinWidget VinWidget_theme_bmwClub"
>
  <div
    className="VinWidget__header"
  >
    <div
      className="VinWidget__logo"
    />
    <div
      className="VinWidget__title"
    >
      Скручен пробег? Узнай историю авто
    </div>
  </div>
  <div
    className="VinWidget__form"
  >
    <TextInput
      className="VinWidget__input"
      icon="search"
      onChange={[Function]}
      placeholder="Введите госномер или VIN"
      radius="r8"
      size="l"
      type="text"
      value="C022EO99"
      valueProcessor={[Function]}
      width="full"
    />
    <Button
      className="VinWidget__button"
      color="green"
      size="l"
      target="_blank"
      type="link"
      url="link/proauto-report/?history_entity_id=C022EO99&from=widget.vin.bmwclub"
      width="full"
    >
      Проверить на Авто.ру
    </Button>
  </div>
</div>
`;
