// Jest Snapshot v1, https://goo.gl/fbAQLP

exports[`должен показать текст с проблемными телефонами 1`] = `
<div
  className="WhitelistPhonesModal__subtitle"
>
  <div>
    Следующие номера телефонов уже были добавлены в
     
    личный
     
    кабинет:
     
    +791111122333, +79167775543
  </div>
  <div>
    Не удалось распознать:
     
    восемь-девятсотшестнадцать-три-семерки-две-пятерки-сорок-три
  </div>
</div>
`;
