// Jest Snapshot v1, https://goo.gl/fbAQLP

exports[`Render Microdata Review test Do not Render Rating if reviewRating and Author are not provided 1`] = `""`;

exports[`Render Microdata Review test Do not Render Rating if reviewRating and Author are not provided 2`] = `""`;

exports[`Render Microdata Review test should render Review if reviewRating and Author Provided 1`] = `
<div
  itemScope={true}
  itemType="https://schema.org/Review"
>
  <meta
    itemProp="name"
  />
  <Person
    attributes={
      Object {
        "itemProp": "author",
      }
    }
    name="Tester"
  />
  <Rating
    attributes={
      Object {
        "itemProp": "reviewRating",
      }
    }
    ratingValue={5}
  />
</div>
`;
