// Jest Snapshot v1, https://goo.gl/fbAQLP

exports[`validate should throw error: validate.ValidationError 1`] = `
"Local configuration is invalid: [
    {
        \\"keyword\\": \\"required\\",
        \\"dataPath\\": \\"/registry\\",
        \\"schemaPath\\": \\"http://yandex-int/qtools/schemas/registry/required\\",
        \\"params\\": {
            \\"missingProperty\\": \\"tag\\"
        },
        \\"message\\": \\"should have required property 'tag'\\"
    },
    {
        \\"keyword\\": \\"required\\",
        \\"dataPath\\": \\"/registry\\",
        \\"schemaPath\\": \\"http://yandex-int/qtools/schemas/registry/required\\",
        \\"params\\": {
            \\"missingProperty\\": \\"repository\\"
        },
        \\"message\\": \\"should have required property 'repository'\\"
    },
    {
        \\"keyword\\": \\"required\\",
        \\"dataPath\\": \\"\\",
        \\"schemaPath\\": \\"#/required\\",
        \\"params\\": {
            \\"missingProperty\\": \\"abcServiceName\\"
        },
        \\"message\\": \\"should have required property 'abcServiceName'\\"
    }
]"
`;
