# обновляем файл командой !!!НЕ ЗАБЫВАЕМ ВЕРНУТЬ SET(TEST_SRCS_LST ... )!!!
# find -s . | grep .*/test_[^/]*[.]py$ > test_srcs.lst
SET(TEST_SRCS_LST
    core/test_auth.py
    core/test_auth_data.py
    core/test_json_encoder.py
    core/test_resource.py
    resources/assessor/act/test_generate_act.py
    resources/assessor/act/test_update_act_payment_term.py
    resources/assessor/client/test_create_client.py
    resources/assessor/client/test_migrate_to_els.py
    resources/assessor/client/test_set_overdraft.py
    resources/assessor/invoice/test_create_invoice.py
    resources/assessor/invoice/test_make_payment.py
    resources/assessor/invoice/test_turn_on.py
    resources/assessor/invoice/test_update_invoice_payment_term.py
    resources/assessor/notification/test_notification_get_info.py
    resources/assessor/order/test_campaigns.py
    resources/assessor/order/test_create_order.py
    resources/assessor/person/test_create_person.py
    resources/assessor/request/test_create_request.py
    resources/assessor/test_export_object.py
    resources/assessor/test_pay_with_charge_note.py
    resources/assessor/test_turn_on.py
    resources/muzzle_bridge/test_muzzle_bridge.py
    resources/v1/act/test_act.py
    resources/v1/act/test_act_list.py
    resources/v1/act/test_act_hardcopy.py
    resources/v1/act/test_export.py
    resources/v1/act/test_set_good_debt.py
    resources/v1/cart/test_cart_add.py
    resources/v1/cart/test_cart_check_request.py
    resources/v1/cart/test_cart_create_request.py
    resources/v1/cart/test_cart_delete.py
    resources/v1/cart/test_cart_item_list.py
    resources/v1/cart/test_cart_update.py
    resources/v1/client/test_client.py
    resources/v1/client/test_client_activity_types.py
    resources/v1/client/test_client_agency_subclients.py
    resources/v1/client/test_client_aliases.py
    resources/v1/client/test_client_available_credits.py
    resources/v1/client/test_client_contracts.py
    resources/v1/client/test_client_discount.py
    resources/v1/client/test_client_emails.py
    resources/v1/client/test_client_list.py
    resources/v1/client/test_client_persons.py
    resources/v1/client/test_client_recalculate_overdraft.py
    resources/v1/client/test_client_representatives.py
    resources/v1/client/test_client_service_data.py
    resources/v1/client/test_client_set.py
    resources/v1/client/test_client_set_overdraft_ban.py
    resources/v1/client/test_client_types.py
    resources/v1/client/test_client_unused_funds.py
    resources/v1/common/test_check_bik.py
    resources/v1/common/test_enums.py
    resources/v1/common/test_set_csrf_cookie.py
    resources/v1/contract/test_client_credit.py
    resources/v1/contract/test_contract.py
    resources/v1/contract/test_contract_collateral.py
    resources/v1/contract/test_contract_distribution_tags.py
    resources/v1/contract/test_contract_enqueue_print_form_emails.py
    resources/v1/contract/test_contract_for_pdfsend.py
    resources/v1/contract/test_contract_list.py
    resources/v1/contract/test_contract_partners_list.py
    resources/v1/contract/test_contract_pdf_email_addresses.py
    resources/v1/contract/test_distribution_linked_contracts.py
    resources/v1/correction/test_correction_create.py
    resources/v1/correction/test_correction_template_list.py
    resources/v1/currency/test_currency_list.py
    resources/v1/debug/test_debug_access.py
    resources/v1/debug/test_debug_dump.py
    resources/v1/debug/test_resource_list.py
    resources/v1/deferpay/test_deferpay_action.py
    resources/v1/deferpay/test_deferpay_contracts.py
    resources/v1/deferpay/test_deferpay_list.py
    resources/v1/edo/test_edo_person.py
    resources/v1/edo/test_edo_types.py
    resources/v1/export/test_export_get_state.py
    resources/v1/export/test_export_reexport_object.py
    resources/v1/export/test_export_set_state.py
    resources/v1/firm/test_firm_list.py
    resources/v1/geo/test_geo_regions.py
    resources/v1/invoice/invoice_transfer/test_create_invoice_transfer.py
    resources/v1/invoice/invoice_transfer/test_data.py
    resources/v1/invoice/invoice_transfer/test_invoice_transfers.py
    resources/v1/invoice/invoice_transfer/test_unlock_invoice_transfer.py
    resources/v1/invoice/oebs/test_create_refund.py
    resources/v1/invoice/oebs/test_data.py
    resources/v1/invoice/oebs/test_refunds.py
    resources/v1/invoice/oebs/test_unlock_refund.py
    resources/v1/invoice/operations/test_invoice_operations_by_type.py
    resources/v1/invoice/operations/test_invoice_operations_set.py
    resources/v1/invoice/test_invoice.py
    resources/v1/invoice/test_invoice_acts.py
    resources/v1/invoice/test_invoice_add_pay_extension.py
    resources/v1/invoice/test_invoice_close.py
    resources/v1/invoice/test_invoice_confirm_payment.py
    resources/v1/invoice/test_invoice_consumes.py
    resources/v1/invoice/test_invoice_correct_receipt.py
    resources/v1/invoice/test_invoice_create_request.py
    resources/v1/invoice/test_invoice_hide.py
    resources/v1/invoice/test_invoice_list.py
    resources/v1/invoice/test_invoice_patch.py
    resources/v1/invoice/test_invoice_preliminary_action.py
    resources/v1/invoice/test_invoice_requests.py
    resources/v1/invoice/test_invoice_rollback.py
    resources/v1/invoice/test_invoice_send_email.py
    resources/v1/invoice/test_invoice_set_bad_debt.py
    resources/v1/invoice/test_invoice_set_unused_funds_lock.py
    resources/v1/invoice/test_invoice_transfer.py
    resources/v1/invoice/test_invoice_transfer_check.py
    resources/v1/invoice/test_invoice_transfer_from_unused_funds.py
    resources/v1/manager/test_manager.py
    resources/v1/manager/test_manager_list.py
    resources/v1/mds/test_mds_documents.py
    resources/v1/order/test_order.py
    resources/v1/order/test_order_list.py
    resources/v1/order/test_order_notify.py
    resources/v1/order/test_order_operations.py
    resources/v1/order/test_order_pay.py
    resources/v1/order/test_order_transfer.py
    resources/v1/order/test_order_transfer_check.py
    resources/v1/order/test_order_untouched_requests.py
    resources/v1/order/test_order_withdraw_from_orders.py
    resources/v1/order/test_order_withdraw_validate_amount.py
    resources/v1/passport_sms/test_passport_sms_phone.py
    resources/v1/passport_sms/test_passport_sms_secure_auth.py
    resources/v1/passport_sms/test_passport_sms_verification_overdraft.py
    resources/v1/payment_method/test_payment_methods_list.py
    resources/v1/payments/test_payment_links_report.py
    resources/v1/payments/test_payments.py
    resources/v1/payments/test_payments_trust_action.py
    resources/v1/paystep/test_paystep_create_credit_invoice.py
    resources/v1/paystep/test_paystep_create_invoice.py
    resources/v1/paystep/test_paystep_create_overdraft_invoice.py
    resources/v1/paystep/test_paystep_pay.py
    resources/v1/paysys/test_paysys_list.py
    resources/v1/person/test_fps_banks_list.py
    resources/v1/person/test_hide_person.py
    resources/v1/person/test_person.py
    resources/v1/person/test_person_category_list.py
    resources/v1/person/test_person_changer.py
    resources/v1/person/test_person_creatable_categories.py
    resources/v1/person/test_person_list.py
    resources/v1/person/test_set_person.py
    resources/v1/person/test_validate_person_docs.py
    resources/v1/places/test_client_mcb_flags.py
    resources/v1/places/test_client_places.py
    resources/v1/places/test_mcb_categories.py
    resources/v1/processing/test_processing_list.py
    resources/v1/product/test_product.py
    resources/v1/product/test_product_list.py
    resources/v1/product/test_service_code_list.py
    resources/v1/product/test_tree.py
    resources/v1/promocode/test_promocode_check_can_tear_off.py
    resources/v1/reconciliation/test_check_status.py
    resources/v1/reconciliation/test_create_request.py
    resources/v1/reconciliation/test_hide_request.py
    resources/v1/reconciliation/test_requests.py
    resources/v1/service/test_service.py
    resources/v1/service/test_service_list.py
    resources/v1/terminal/test_termial.py
    resources/v1/terminal/test_terminal_flags_list.py
    resources/v1/user/test_user_link_to_client.py
    resources/v1/user/test_user_object_permissions.py
    resources/v1/user/test_user_passport.py
    resources/v1/user/test_user_permissions.py
    resources/v1/user/test_user_pin_code.py
    servant/test_version.py
    test_cli.py
    test_error_handler.py
    test_exception.py
    test_wsgi.py
    utils/test_deco.py
    utils/test_domain.py
    utils/test_enum.py
    utils/test_fields.py
    utils/test_inputs.py
    utils/test_ma_fields.py
    utils/test_security.py
)
