Ванахаю
Банджар-Вангунан
Гунунг-Сунгинг
Длимоё
Стабат
Кампунг-Сингараджа
Читалем
Джепара
Патихан-Ветан
Кунир
Сумбереджо
Кепанджен-Лор
Блимбингвулух
Сукоморо
Сумберсари
Сукадами
Чуруп
Чипёндёй
Винонг
Суко
Чилембер
Каранг-Кидул
Танджунгванги
Понганган
Боджонглоа-Калер
Чемпого
Тегалгиранг
Баях-Тимур
Рамбанг-Данку
Джати
Пабиан
Кедунг-Пуанг
Патамуан
Сумберашри
Кебонагунг
Гетасан
Памекарсари
Моросари
Грогол-Петамбуран
Йосомульё
Санча
Пуло-Гебанг
Тегал-Сари
Самбиреджо
Ситиреджо
Бекри
Пурвореджо
Силунканг
Кадеманган
Бедахан
